max_falcon20.EV_KEY.KEY_ESC			> sacn_max_falcon20.1
max_falcon20.EV_KEY.KEY_1			> sacn_max_falcon20.2
max_falcon20.EV_KEY.KEY_2			> sacn_max_falcon20.3
max_falcon20.EV_KEY.KEY_3			> sacn_max_falcon20.4
max_falcon20.EV_KEY.KEY_4			> sacn_max_falcon20.5
max_falcon20.EV_KEY.KEY_5			> sacn_max_falcon20.6
max_falcon20.EV_KEY.KEY_6			> sacn_max_falcon20.7
max_falcon20.EV_KEY.KEY_7			> sacn_max_falcon20.8
max_falcon20.EV_KEY.KEY_8			> sacn_max_falcon20.9
max_falcon20.EV_KEY.KEY_9			> sacn_max_falcon20.10
max_falcon20.EV_KEY.KEY_0			> sacn_max_falcon20.11
max_falcon20.EV_KEY.KEY_A			> sacn_max_falcon20.12
max_falcon20.EV_KEY.KEY_B			> sacn_max_falcon20.13
max_falcon20.EV_KEY.KEY_B			> feedback.default_light
max_falcon20.EV_KEY.KEY_C			> sacn_max_falcon20.14
max_falcon20.EV_KEY.KEY_D			> sacn_max_falcon20.15
max_falcon20.EV_KEY.KEY_E			> sacn_max_falcon20.16
max_falcon20.EV_KEY.KEY_F			> sacn_max_falcon20.17
max_falcon20.EV_KEY.KEY_G			> sacn_max_falcon20.18
max_falcon20.EV_KEY.KEY_H			> sacn_max_falcon20.19
max_falcon20.EV_KEY.KEY_I			> sacn_max_falcon20.20
max_falcon20.EV_KEY.KEY_J			> sacn_max_falcon20.21
max_falcon20.EV_KEY.KEY_K			> sacn_max_falcon20.22
max_falcon20.EV_KEY.KEY_L			> sacn_max_falcon20.23
max_falcon20.EV_KEY.KEY_M			> sacn_max_falcon20.24
max_falcon20.EV_KEY.KEY_N			> sacn_max_falcon20.25
max_falcon20.EV_KEY.KEY_O			> sacn_max_falcon20.26
max_falcon20.EV_KEY.KEY_P			> sacn_max_falcon20.27
max_falcon20.EV_KEY.KEY_Q			> sacn_max_falcon20.28
max_falcon20.EV_KEY.KEY_R			> sacn_max_falcon20.29
max_falcon20.EV_KEY.KEY_S			> sacn_max_falcon20.30
max_falcon20.EV_KEY.KEY_T			> sacn_max_falcon20.31
max_falcon20.EV_KEY.KEY_U			> sacn_max_falcon20.32
max_falcon20.EV_KEY.KEY_V			> sacn_max_falcon20.33
max_falcon20.EV_KEY.KEY_W			> sacn_max_falcon20.34
max_falcon20.EV_KEY.KEY_X			> sacn_max_falcon20.35
max_falcon20.EV_KEY.KEY_Y			> sacn_max_falcon20.36
max_falcon20.EV_KEY.KEY_Z			> sacn_max_falcon20.37
max_falcon20.EV_KEY.KEY_KP0			> sacn_max_falcon20.38
max_falcon20.EV_KEY.KEY_KP1			> sacn_max_falcon20.39
max_falcon20.EV_KEY.KEY_KP2			> sacn_max_falcon20.40
max_falcon20.EV_KEY.KEY_KP3			> sacn_max_falcon20.41
max_falcon20.EV_KEY.KEY_KP4			> sacn_max_falcon20.42
max_falcon20.EV_KEY.KEY_KP5			> sacn_max_falcon20.43
max_falcon20.EV_KEY.KEY_KP6			> sacn_max_falcon20.44
max_falcon20.EV_KEY.KEY_KP7			> sacn_max_falcon20.45
max_falcon20.EV_KEY.KEY_KP8			> sacn_max_falcon20.46
max_falcon20.EV_KEY.KEY_KP9			> sacn_max_falcon20.47
max_falcon20.EV_KEY.KEY_KPMINUS		> sacn_max_falcon20.48
max_falcon20.EV_KEY.KEY_KPPLUS		> sacn_max_falcon20.49
max_falcon20.EV_KEY.KEY_KPDOT		> sacn_max_falcon20.50
max_falcon20.EV_KEY.KEY_MINUS		> sacn_max_falcon20.51
max_falcon20.EV_KEY.KEY_EQUAL		> sacn_max_falcon20.52
max_falcon20.EV_KEY.KEY_BACKSPACE	> sacn_max_falcon20.53
max_falcon20.EV_KEY.KEY_TAB			> sacn_max_falcon20.54
max_falcon20.EV_KEY.KEY_LEFTBRACE	> sacn_max_falcon20.55
max_falcon20.EV_KEY.KEY_RIGHTBRACE	> sacn_max_falcon20.56
max_falcon20.EV_KEY.KEY_ENTER		> sacn_max_falcon20.57
max_falcon20.EV_KEY.KEY_SEMICOLON	> sacn_max_falcon20.58
max_falcon20.EV_KEY.KEY_APOSTROPHE	> sacn_max_falcon20.59
max_falcon20.EV_KEY.KEY_GRAVE		> sacn_max_falcon20.60
max_falcon20.EV_KEY.KEY_BACKSLASH	> sacn_max_falcon20.61
max_falcon20.EV_KEY.KEY_COMMA		> sacn_max_falcon20.62
max_falcon20.EV_KEY.KEY_DOT			> sacn_max_falcon20.63
max_falcon20.EV_KEY.KEY_SLASH		> sacn_max_falcon20.64
max_falcon20.EV_KEY.KEY_SPACE		> sacn_max_falcon20.65
max_falcon20.EV_KEY.KEY_F1			> sacn_max_falcon20.66
max_falcon20.EV_KEY.KEY_F2			> sacn_max_falcon20.67
max_falcon20.EV_KEY.KEY_F3			> sacn_max_falcon20.68
max_falcon20.EV_KEY.KEY_F4			> sacn_max_falcon20.69
max_falcon20.EV_KEY.KEY_HOME			> sacn_max_falcon20.70
max_falcon20.EV_KEY.KEY_UP			> sacn_max_falcon20.71
max_falcon20.EV_KEY.KEY_PAGEUP		> sacn_max_falcon20.72
max_falcon20.EV_KEY.KEY_LEFT			> sacn_max_falcon20.73
max_falcon20.EV_KEY.KEY_RIGHT		> sacn_max_falcon20.74
max_falcon20.EV_KEY.KEY_END			> sacn_max_falcon20.75
max_falcon20.EV_KEY.KEY_DOWN			> sacn_max_falcon20.76
max_falcon20.EV_KEY.KEY_PAGEDOWN		> sacn_max_falcon20.77
max_falcon20.EV_KEY.KEY_INSERT		> sacn_max_falcon20.78
max_falcon20.EV_KEY.KEY_DELETE		> sacn_max_falcon20.79
max_falcon20.EV_KEY.KEY_KPENTER		> sacn_max_falcon20.80
max_falcon20.EV_KEY.KEY_KPSLASH		> sacn_max_falcon20.81
max_falcon20.EV_KEY.KEY_KPASTERISK	> sacn_max_falcon20.82
max_falcon20.EV_KEY.KEY_F5	> sacn_max_falcon20.83
max_falcon20.EV_KEY.KEY_F6	> sacn_max_falcon20.84
max_falcon20.EV_KEY.KEY_F7	> sacn_max_falcon20.85
max_falcon20.EV_KEY.KEY_F8	> sacn_max_falcon20.86
max_falcon20.EV_KEY.KEY_F9	> sacn_max_falcon20.87
max_falcon20.EV_KEY.KEY_F10	> sacn_max_falcon20.88
max_falcon20.EV_KEY.KEY_F11	> sacn_max_falcon20.89
max_falcon20.EV_KEY.KEY_F12	> sacn_max_falcon20.90
