koolertron.EV_KEY.KEY_ESC			> sacn_koolertron.1
koolertron.EV_KEY.KEY_1			> sacn_koolertron.2
koolertron.EV_KEY.KEY_2			> sacn_koolertron.3
koolertron.EV_KEY.KEY_3			> sacn_koolertron.4
koolertron.EV_KEY.KEY_4			> sacn_koolertron.5
koolertron.EV_KEY.KEY_5			> sacn_koolertron.6
koolertron.EV_KEY.KEY_6			> sacn_koolertron.7
koolertron.EV_KEY.KEY_7			> sacn_koolertron.8
koolertron.EV_KEY.KEY_8			> sacn_koolertron.9
koolertron.EV_KEY.KEY_9			> sacn_koolertron.10
koolertron.EV_KEY.KEY_0			> sacn_koolertron.11
koolertron.EV_KEY.KEY_A			> sacn_koolertron.12
koolertron.EV_KEY.KEY_B			> sacn_koolertron.13
koolertron.EV_KEY.KEY_C			> sacn_koolertron.14
koolertron.EV_KEY.KEY_D			> sacn_koolertron.15
koolertron.EV_KEY.KEY_E			> sacn_koolertron.16
koolertron.EV_KEY.KEY_F			> sacn_koolertron.17
koolertron.EV_KEY.KEY_G			> sacn_koolertron.18
koolertron.EV_KEY.KEY_H			> sacn_koolertron.19
koolertron.EV_KEY.KEY_I			> sacn_koolertron.20
koolertron.EV_KEY.KEY_J			> sacn_koolertron.21
koolertron.EV_KEY.KEY_K			> sacn_koolertron.22
koolertron.EV_KEY.KEY_L			> sacn_koolertron.23
koolertron.EV_KEY.KEY_M			> sacn_koolertron.24
koolertron.EV_KEY.KEY_N			> sacn_koolertron.25
koolertron.EV_KEY.KEY_O			> sacn_koolertron.26
koolertron.EV_KEY.KEY_P			> sacn_koolertron.27
koolertron.EV_KEY.KEY_Q			> sacn_koolertron.28
koolertron.EV_KEY.KEY_R			> sacn_koolertron.29
koolertron.EV_KEY.KEY_S			> sacn_koolertron.30
koolertron.EV_KEY.KEY_T			> sacn_koolertron.31
koolertron.EV_KEY.KEY_U			> sacn_koolertron.32
koolertron.EV_KEY.KEY_V			> sacn_koolertron.33
koolertron.EV_KEY.KEY_W			> sacn_koolertron.34
koolertron.EV_KEY.KEY_X			> sacn_koolertron.35
koolertron.EV_KEY.KEY_Y			> sacn_koolertron.36
koolertron.EV_KEY.KEY_Z			> sacn_koolertron.37
koolertron.EV_KEY.KEY_KP0			> sacn_koolertron.38
koolertron.EV_KEY.KEY_KP1			> sacn_koolertron.39
koolertron.EV_KEY.KEY_KP2			> sacn_koolertron.40
koolertron.EV_KEY.KEY_KP3			> sacn_koolertron.41
koolertron.EV_KEY.KEY_KP4			> sacn_koolertron.42
koolertron.EV_KEY.KEY_KP5			> sacn_koolertron.43
koolertron.EV_KEY.KEY_KP6			> sacn_koolertron.44
koolertron.EV_KEY.KEY_KP7			> sacn_koolertron.45
koolertron.EV_KEY.KEY_KP8			> sacn_koolertron.46
koolertron.EV_KEY.KEY_KP9			> sacn_koolertron.47
koolertron.EV_KEY.KEY_KPMINUS		> sacn_koolertron.48
koolertron.EV_KEY.KEY_KPPLUS		> sacn_koolertron.49
koolertron.EV_KEY.KEY_KPDOT		> sacn_koolertron.50
koolertron.EV_KEY.KEY_MINUS		> sacn_koolertron.51
koolertron.EV_KEY.KEY_EQUAL		> sacn_koolertron.52
koolertron.EV_KEY.KEY_BACKSPACE	> sacn_koolertron.53
koolertron.EV_KEY.KEY_TAB			> sacn_koolertron.54
koolertron.EV_KEY.KEY_LEFTBRACE	> sacn_koolertron.55
koolertron.EV_KEY.KEY_RIGHTBRACE	> sacn_koolertron.56
koolertron.EV_KEY.KEY_ENTER		> sacn_koolertron.57
koolertron.EV_KEY.KEY_SEMICOLON	> sacn_koolertron.58
koolertron.EV_KEY.KEY_APOSTROPHE	> sacn_koolertron.59
koolertron.EV_KEY.KEY_GRAVE		> sacn_koolertron.60
koolertron.EV_KEY.KEY_BACKSLASH	> sacn_koolertron.61
koolertron.EV_KEY.KEY_COMMA		> sacn_koolertron.62
koolertron.EV_KEY.KEY_DOT			> sacn_koolertron.63
koolertron.EV_KEY.KEY_SLASH		> sacn_koolertron.64
koolertron.EV_KEY.KEY_SPACE		> sacn_koolertron.65
koolertron.EV_KEY.KEY_F1			> sacn_koolertron.66
koolertron.EV_KEY.KEY_F2			> sacn_koolertron.67
koolertron.EV_KEY.KEY_F3			> sacn_koolertron.68
koolertron.EV_KEY.KEY_F4			> sacn_koolertron.69
koolertron.EV_KEY.KEY_HOME			> sacn_koolertron.70
koolertron.EV_KEY.KEY_UP			> sacn_koolertron.71
koolertron.EV_KEY.KEY_PAGEUP		> sacn_koolertron.72
koolertron.EV_KEY.KEY_LEFT			> sacn_koolertron.73
koolertron.EV_KEY.KEY_RIGHT		> sacn_koolertron.74
koolertron.EV_KEY.KEY_END			> sacn_koolertron.75
koolertron.EV_KEY.KEY_DOWN			> sacn_koolertron.76
koolertron.EV_KEY.KEY_PAGEDOWN		> sacn_koolertron.77
koolertron.EV_KEY.KEY_INSERT		> sacn_koolertron.78
koolertron.EV_KEY.KEY_DELETE		> sacn_koolertron.79
koolertron.EV_KEY.KEY_KPENTER		> sacn_koolertron.80
koolertron.EV_KEY.KEY_KPSLASH		> sacn_koolertron.81
koolertron.EV_KEY.KEY_KPASTERISK	> sacn_koolertron.82
koolertron.EV_KEY.KEY_F5	> sacn_koolertron.83
koolertron.EV_KEY.KEY_F6	> sacn_koolertron.84
koolertron.EV_KEY.KEY_F7	> sacn_koolertron.85
koolertron.EV_KEY.KEY_F8	> sacn_koolertron.86
koolertron.EV_KEY.KEY_F9	> sacn_koolertron.87
koolertron.EV_KEY.KEY_F10	> sacn_koolertron.88
koolertron.EV_KEY.KEY_F11	> sacn_koolertron.89
koolertron.EV_KEY.KEY_F12	> sacn_koolertron.90
